[2026-07-28T22:46:24.703369] Temperature: 57.1°C, Stress test: ERRORS (errors=1)
[2026-07-28T22:46:40.643389] Temperature: 56.0°C, Stress test: ERRORS (errors=1)
[main 098a898] Auto-commit 2026-07-28T22:47:01 — health check update
 2 files changed, 4 insertions(+)
 create mode 100644 cron.log
 create mode 100644 ssd_health.log
[main e9f8e9d] Auto-commit 2026-07-28T22:47:09 — health check update
 1 file changed, 4 insertions(+)
[main f828567] Auto-commit 2026-07-28T22:47:22 — health check update
 1 file changed, 2 insertions(+)
[main 109576b] Auto-commit 2026-07-28T22:48:30 — health check update
 1 file changed, 2 insertions(+)
Already up to date.
Everything up-to-date
[main 18e716d] Auto-commit 2026-07-28T22:53:59 — health check update
 1 file changed, 1 insertion(+)
 create mode 100644 git_push.log
Already up to date.
To github.com:Aldo-f/scripts.git
   cbd5ecc..18e716d  main -> main
[2026-07-28T22:54:12.081683] Temperature: 57.6°C, Stress test: ERRORS (errors=1)
[2026-07-28T22:54:14.086556] Temperature: 57.6°C, Stress test: ERRORS (errors=1)
[2026-07-28T22:54:15.042788] Temperature: 58.7°C, Stress test: ERRORS (errors=1)
[2026-07-28T22:54:15.843546] Temperature: 58.7°C, Stress test: ERRORS (errors=1)
[main 03f2e71] Auto-commit 2026-07-28T22:54:31 — health check update
 3 files changed, 16 insertions(+), 1 deletion(-)
Already up to date.
To github.com:Aldo-f/scripts.git
   18e716d..03f2e71  main -> main
[2026-07-29T03:00:01.166106] Temperature: 57.1C, Stress test: OK (errors=0)
